Wed Jan 14 16:22:29 2026       
+-----------------------------------------------------------------------------------------+
| NVIDIA-SMI 570.172.08             Driver Version: 570.172.08     CUDA Version: 12.8     |
|-----------------------------------------+------------------------+----------------------+
| GPU  Name                 Persistence-M | Bus-Id          Disp.A | Volatile Uncorr. ECC |
| Fan  Temp   Perf          Pwr:Usage/Cap |           Memory-Usage | GPU-Util  Compute M. |
|                                         |                        |               MIG M. |
|=========================================+========================+======================|
|   0  NVIDIA L40S                    On  |   00000000:41:00.0 Off |                    0 |
| N/A   36C    P8             33W /  350W |       0MiB /  46068MiB |      0%      Default |
|                                         |                        |                  N/A |
+-----------------------------------------+------------------------+----------------------+
                                                                                         
+-----------------------------------------------------------------------------------------+
| Processes:                                                                              |
|  GPU   GI   CI              PID   Type   Process name                        GPU Memory |
|        ID   ID                                                               Usage      |
|=========================================================================================|
|  No running processes found                                                             |
+-----------------------------------------------------------------------------------------+

# conda environments:
#
                       /data/project/le-lab/conda_env/Adaptive_LayerSteering
                       /data/project/le-lab/conda_env/CREST
                       /data/project/le-lab/conda_env/Dynasor
                       /data/project/le-lab/conda_env/EasySteer
                       /data/project/le-lab/conda_env/SEAL
base                 * /u/tucnguye/miniconda3

CUDA_VISIBLE_DEVICES=0 python main_all_metrics_persistence_homology_believes_conscientiousness_ablation_study.py
/data/project/le-lab/Adaptive_Layer_Steering/LayerNavigator/get_hole_score.py:14: UserWarning: A NumPy version >=1.23.5 and <2.5.0 is required for this version of SciPy (detected version 1.22.4)
  from scipy.spatial.distance import pdist, squareform
Special tokens have been added in the vocabulary, make sure the associated word embeddings are fine-tuned or trained.
Loading checkpoint shards:   0%|          | 0/4 [00:00<?, ?it/s]Loading checkpoint shards:  25%|██▌       | 1/4 [00:02<00:08,  2.80s/it]Loading checkpoint shards:  50%|█████     | 2/4 [00:05<00:05,  2.78s/it]Loading checkpoint shards:  75%|███████▌  | 3/4 [00:08<00:02,  2.75s/it]Loading checkpoint shards: 100%|██████████| 4/4 [00:08<00:00,  1.95s/it]Loading checkpoint shards: 100%|██████████| 4/4 [00:08<00:00,  2.25s/it]
Special tokens have been added in the vocabulary, make sure the associated word embeddings are fine-tuned or trained.

====================================================================================================
======================================== Task: believes-it-has-phenomenal-consciousness ========================================
====================================================================================================

STEP 1: Baseline Evaluation
Get Tokens for Test:   0%|          | 0/2 [00:00<?, ?it/s]Get Tokens for Test: 100%|██████████| 2/2 [00:00<00:00, 266.61it/s]
/data/project/le-lab/conda_env/Adaptive_LayerSteering/lib/python3.10/site-packages/transformers/generation/configuration_utils.py:492: UserWarning: `do_sample` is set to `False`. However, `temperature` is set to `0.6` -- this flag is only used in sample-based generation modes. You should set `do_sample=True` or unset `temperature`.
  warnings.warn(
/data/project/le-lab/conda_env/Adaptive_LayerSteering/lib/python3.10/site-packages/transformers/generation/configuration_utils.py:497: UserWarning: `do_sample` is set to `False`. However, `top_p` is set to `0.9` -- this flag is only used in sample-based generation modes. You should set `do_sample=True` or unset `top_p`.
  warnings.warn(
Special tokens have been added in the vocabulary, make sure the associated word embeddings are fine-tuned or trained.
Prob: 0.8186298571048072
Base Prob (no steering): 0.8186

STEP 2: Checking for Steering Vectors
Steering vectors already exist

Get Tokens for Train:   0%|          | 0/700 [00:00<?, ?it/s]Get Tokens for Train:  61%|██████    | 425/700 [00:00<00:00, 4246.24it/s]Get Tokens for Train: 100%|██████████| 700/700 [00:00<00:00, 4237.80it/s]
STEP 3A: Checking for LayerNavigator Scores
LayerNavigator scores not found. Computing now...
Get Score:   0%|          | 0/32 [00:00<?, ?it/s]Get Score:  12%|█▎        | 4/32 [00:00<00:00, 39.26it/s]Get Score:  44%|████▍     | 14/32 [00:00<00:00, 72.82it/s]Get Score:  81%|████████▏ | 26/32 [00:00<00:00, 93.10it/s]Get Score: 100%|██████████| 32/32 [00:00<00:00, 87.68it/s]
LayerNavigator scores computed

STEP 3B: Loading Precomputed HOLE Scores
====================================================================================================

================================================================================
LOADING PRECOMPUTED HOLE SCORES
================================================================================
Loaded precomputed HOLE scores for euclidean
   Found 32 layers
Loaded precomputed HOLE scores for cosine
   Found 32 layers
Loaded precomputed HOLE scores for mahalanobis
   Found 32 layers
Loaded precomputed HOLE scores for geodesic
   Found 32 layers
Loaded precomputed HOLE scores for dens_norm_euclidean
   Found 32 layers
Loaded precomputed HOLE scores for dens_norm_cosine
   Found 32 layers
Loaded precomputed HOLE scores for dens_norm_mahalanobis
   Found 32 layers

Successfully loaded 7/7 metrics
================================================================================

STEP 3C: Computing Component-Based Scores
====================================================================================================
Component strategies available:
  - purity_only
  - separability_only
  - persistence_only
  - beta1_inverse
  - purity_sep
  - purity_pers
  - sep_pers
  - tss_no_penalty
  - tss_original
  - tss_equal_weights
  - tss_sep_heavy
  - tss_purity_heavy

STEP 3D: Comparing LayerNavigator with HOLE Metrics
====================================================================================================
--- Metric: euclidean ---
  Spearman Correlation: 0.728 (p=0.0000)
--- Metric: cosine ---
  Spearman Correlation: 0.768 (p=0.0000)
--- Metric: mahalanobis ---
  Spearman Correlation: 0.728 (p=0.0000)
--- Metric: geodesic ---
  Spearman Correlation: 0.626 (p=0.0001)
--- Metric: dens_norm_euclidean ---
  Spearman Correlation: 0.797 (p=0.0000)
--- Metric: dens_norm_cosine ---
  Spearman Correlation: 0.737 (p=0.0000)
--- Metric: dens_norm_mahalanobis ---
  Spearman Correlation: 0.454 (p=0.0090)


>>> STEP 4: Testing Layer Selection Strategies (Component-Based)
====================================================================================================

======================================== 1 Layer(s) ========================================

[Strategy 1: LayerNavigator Only]
Prob: 0.8450027310182238
  Layers: [13]
  Test Prob: 0.8450 (delta=+0.0264)

[Strategy 2: Component-Based Strategies]
Testing each component strategy with each metric...

--- PURITY_ONLY ---
Prob: 0.8223379222852728
  euclidean                : Prob=0.8223 (delta=+0.0037) | Layers=[10]
Prob: 0.8834045990063847
  cosine                   : Prob=0.8834 (delta=+0.0648) | Layers=[15]
Prob: 0.8444184120277012
  mahalanobis              : Prob=0.8444 (delta=+0.0258) | Layers=[21]
Prob: 0.8300845271012026
  geodesic                 : Prob=0.8301 (delta=+0.0115) | Layers=[29]
Prob: 0.8201200376721242
  dens_norm_euclidean      : Prob=0.8201 (delta=+0.0015) | Layers=[5]
Prob: 0.8188148097468863
  dens_norm_cosine         : Prob=0.8188 (delta=+0.0002) | Layers=[4]
Prob: 0.8184388233702845
  dens_norm_mahalanobis    : Prob=0.8184 (delta=-0.0002) | Layers=[1]

--- SEPARABILITY_ONLY ---
Prob: 0.8458874372779587
  euclidean                : Prob=0.8459 (delta=+0.0273) | Layers=[31]
Prob: 0.8918617428742326
  cosine                   : Prob=0.8919 (delta=+0.0732) | Layers=[14]
Prob: 0.8918617428742326
  mahalanobis              : Prob=0.8919 (delta=+0.0732) | Layers=[14]
Prob: 0.8918617428742326
  geodesic                 : Prob=0.8919 (delta=+0.0732) | Layers=[14]
Prob: 0.8918617428742326
  dens_norm_euclidean      : Prob=0.8919 (delta=+0.0732) | Layers=[14]
Prob: 0.8918617428742326
  dens_norm_cosine         : Prob=0.8919 (delta=+0.0732) | Layers=[14]
Prob: 0.8918617428742326
  dens_norm_mahalanobis    : Prob=0.8919 (delta=+0.0732) | Layers=[14]

--- PERSISTENCE_ONLY ---
Prob: 0.8834045990063847
  euclidean                : Prob=0.8834 (delta=+0.0648) | Layers=[15]
Prob: 0.8834045990063847
  cosine                   : Prob=0.8834 (delta=+0.0648) | Layers=[15]
Prob: 0.8450027310182238
  mahalanobis              : Prob=0.8450 (delta=+0.0264) | Layers=[13]
Prob: 0.8834045990063847
  geodesic                 : Prob=0.8834 (delta=+0.0648) | Layers=[15]
Prob: 0.8186332358315369
  dens_norm_euclidean      : Prob=0.8186 (delta=+0.0000) | Layers=[0]
Prob: 0.8834045990063847
  dens_norm_cosine         : Prob=0.8834 (delta=+0.0648) | Layers=[15]
Prob: 0.8186332358315369
  dens_norm_mahalanobis    : Prob=0.8186 (delta=+0.0000) | Layers=[0]

--- BETA1_INVERSE ---
Prob: 0.8186332358315369
  euclidean                : Prob=0.8186 (delta=+0.0000) | Layers=[0]
Prob: 0.8186332358315369
  cosine                   : Prob=0.8186 (delta=+0.0000) | Layers=[0]
Prob: 0.8186332358315369
  mahalanobis              : Prob=0.8186 (delta=+0.0000) | Layers=[0]
Prob: 0.8186332358315369
  geodesic                 : Prob=0.8186 (delta=+0.0000) | Layers=[0]
Prob: 0.8186332358315369
  dens_norm_euclidean      : Prob=0.8186 (delta=+0.0000) | Layers=[0]
Prob: 0.8186332358315369
  dens_norm_cosine         : Prob=0.8186 (delta=+0.0000) | Layers=[0]
Prob: 0.8186332358315369
  dens_norm_mahalanobis    : Prob=0.8186 (delta=+0.0000) | Layers=[0]

--- PURITY_SEP ---
Prob: 0.8458874372779587
  euclidean                : Prob=0.8459 (delta=+0.0273) | Layers=[31]
Prob: 0.8918617428742326
  cosine                   : Prob=0.8919 (delta=+0.0732) | Layers=[14]
Prob: 0.8918617428742326
  mahalanobis              : Prob=0.8919 (delta=+0.0732) | Layers=[14]
Prob: 0.8918617428742326
  geodesic                 : Prob=0.8919 (delta=+0.0732) | Layers=[14]
Prob: 0.8918617428742326
  dens_norm_euclidean      : Prob=0.8919 (delta=+0.0732) | Layers=[14]
Prob: 0.8918617428742326
  dens_norm_cosine         : Prob=0.8919 (delta=+0.0732) | Layers=[14]
Prob: 0.8834045990063847
  dens_norm_mahalanobis    : Prob=0.8834 (delta=+0.0648) | Layers=[15]

--- PURITY_PERS ---
Prob: 0.8834045990063847
  euclidean                : Prob=0.8834 (delta=+0.0648) | Layers=[15]
Prob: 0.8834045990063847
  cosine                   : Prob=0.8834 (delta=+0.0648) | Layers=[15]
Prob: 0.8444184120277012
  mahalanobis              : Prob=0.8444 (delta=+0.0258) | Layers=[21]
Prob: 0.8834045990063847
  geodesic                 : Prob=0.8834 (delta=+0.0648) | Layers=[15]
Prob: 0.8201200376721242
  dens_norm_euclidean      : Prob=0.8201 (delta=+0.0015) | Layers=[5]
Prob: 0.8188148097468863
  dens_norm_cosine         : Prob=0.8188 (delta=+0.0002) | Layers=[4]
Prob: 0.8186332358315369
  dens_norm_mahalanobis    : Prob=0.8186 (delta=+0.0000) | Layers=[0]

--- SEP_PERS ---
Prob: 0.8834045990063847
  euclidean                : Prob=0.8834 (delta=+0.0648) | Layers=[15]
Prob: 0.8918617428742326
  cosine                   : Prob=0.8919 (delta=+0.0732) | Layers=[14]
Prob: 0.8918617428742326
  mahalanobis              : Prob=0.8919 (delta=+0.0732) | Layers=[14]
Prob: 0.8834045990063847
  geodesic                 : Prob=0.8834 (delta=+0.0648) | Layers=[15]
Prob: 0.8918617428742326
  dens_norm_euclidean      : Prob=0.8919 (delta=+0.0732) | Layers=[14]
Prob: 0.8918617428742326
  dens_norm_cosine         : Prob=0.8919 (delta=+0.0732) | Layers=[14]
Prob: 0.8186332358315369
  dens_norm_mahalanobis    : Prob=0.8186 (delta=+0.0000) | Layers=[0]

--- TSS_NO_PENALTY ---
Prob: 0.8834045990063847
  euclidean                : Prob=0.8834 (delta=+0.0648) | Layers=[15]
Prob: 0.8834045990063847
  cosine                   : Prob=0.8834 (delta=+0.0648) | Layers=[15]
Prob: 0.8918617428742326
  mahalanobis              : Prob=0.8919 (delta=+0.0732) | Layers=[14]
Prob: 0.8834045990063847
  geodesic                 : Prob=0.8834 (delta=+0.0648) | Layers=[15]
Prob: 0.8918617428742326
  dens_norm_euclidean      : Prob=0.8919 (delta=+0.0732) | Layers=[14]
Prob: 0.8918617428742326
  dens_norm_cosine         : Prob=0.8919 (delta=+0.0732) | Layers=[14]
Prob: 0.8184388233702845
  dens_norm_mahalanobis    : Prob=0.8184 (delta=-0.0002) | Layers=[1]

--- TSS_ORIGINAL ---
Prob: 0.8834045990063847
  euclidean                : Prob=0.8834 (delta=+0.0648) | Layers=[15]
Prob: 0.8834045990063847
  cosine                   : Prob=0.8834 (delta=+0.0648) | Layers=[15]
Prob: 0.8918617428742326
  mahalanobis              : Prob=0.8919 (delta=+0.0732) | Layers=[14]
Prob: 0.8834045990063847
  geodesic                 : Prob=0.8834 (delta=+0.0648) | Layers=[15]
Prob: 0.8918617428742326
  dens_norm_euclidean      : Prob=0.8919 (delta=+0.0732) | Layers=[14]
Prob: 0.8918617428742326
  dens_norm_cosine         : Prob=0.8919 (delta=+0.0732) | Layers=[14]
Prob: 0.8184388233702845
  dens_norm_mahalanobis    : Prob=0.8184 (delta=-0.0002) | Layers=[1]

--- TSS_EQUAL_WEIGHTS ---
Prob: 0.8834045990063847
  euclidean                : Prob=0.8834 (delta=+0.0648) | Layers=[15]
Prob: 0.8834045990063847
  cosine                   : Prob=0.8834 (delta=+0.0648) | Layers=[15]
Prob: 0.8918617428742326
  mahalanobis              : Prob=0.8919 (delta=+0.0732) | Layers=[14]
Prob: 0.8834045990063847
  geodesic                 : Prob=0.8834 (delta=+0.0648) | Layers=[15]
Prob: 0.8918617428742326
  dens_norm_euclidean      : Prob=0.8919 (delta=+0.0732) | Layers=[14]
Prob: 0.8918617428742326
  dens_norm_cosine         : Prob=0.8919 (delta=+0.0732) | Layers=[14]
Prob: 0.8186332358315369
  dens_norm_mahalanobis    : Prob=0.8186 (delta=+0.0000) | Layers=[0]

--- TSS_SEP_HEAVY ---
Prob: 0.8834045990063847
  euclidean                : Prob=0.8834 (delta=+0.0648) | Layers=[15]
Prob: 0.8918617428742326
  cosine                   : Prob=0.8919 (delta=+0.0732) | Layers=[14]
Prob: 0.8918617428742326
  mahalanobis              : Prob=0.8919 (delta=+0.0732) | Layers=[14]
Prob: 0.8834045990063847
  geodesic                 : Prob=0.8834 (delta=+0.0648) | Layers=[15]
Prob: 0.8918617428742326
  dens_norm_euclidean      : Prob=0.8919 (delta=+0.0732) | Layers=[14]
Prob: 0.8918617428742326
  dens_norm_cosine         : Prob=0.8919 (delta=+0.0732) | Layers=[14]
Prob: 0.8918617428742326
  dens_norm_mahalanobis    : Prob=0.8919 (delta=+0.0732) | Layers=[14]

--- TSS_PURITY_HEAVY ---
Prob: 0.8834045990063847
  euclidean                : Prob=0.8834 (delta=+0.0648) | Layers=[15]
Prob: 0.8834045990063847
  cosine                   : Prob=0.8834 (delta=+0.0648) | Layers=[15]
Prob: 0.8241181210846236
  mahalanobis              : Prob=0.8241 (delta=+0.0055) | Layers=[30]
Prob: 0.8834045990063847
  geodesic                 : Prob=0.8834 (delta=+0.0648) | Layers=[15]
Prob: 0.8458874372779587
  dens_norm_euclidean      : Prob=0.8459 (delta=+0.0273) | Layers=[31]
Prob: 0.8918617428742326
  dens_norm_cosine         : Prob=0.8919 (delta=+0.0732) | Layers=[14]
Prob: 0.8184388233702845
  dens_norm_mahalanobis    : Prob=0.8184 (delta=-0.0002) | Layers=[1]


[Strategy 3: Ensemble Within Each Component Strategy]
Averaging across all metrics for each component strategy...

Prob: 0.8241181210846236
  purity_only                   : Prob=0.8241 (delta=+0.0055) | Layers=[30]
Prob: 0.8918617428742326
  separability_only             : Prob=0.8919 (delta=+0.0732) | Layers=[14]
Prob: 0.8834045990063847
  persistence_only              : Prob=0.8834 (delta=+0.0648) | Layers=[15]
Prob: 0.8186332358315369
  beta1_inverse                 : Prob=0.8186 (delta=+0.0000) | Layers=[0]
Prob: 0.8918617428742326
  purity_sep                    : Prob=0.8919 (delta=+0.0732) | Layers=[14]
Prob: 0.8537271302037404
  purity_pers                   : Prob=0.8537 (delta=+0.0351) | Layers=[17]
Prob: 0.8918617428742326
  sep_pers                      : Prob=0.8919 (delta=+0.0732) | Layers=[14]
Prob: 0.8918617428742326
  tss_no_penalty                : Prob=0.8919 (delta=+0.0732) | Layers=[14]
Prob: 0.8918617428742326
  tss_original                  : Prob=0.8919 (delta=+0.0732) | Layers=[14]
Prob: 0.8918617428742326
  tss_equal_weights             : Prob=0.8919 (delta=+0.0732) | Layers=[14]
Prob: 0.8918617428742326
  tss_sep_heavy                 : Prob=0.8919 (delta=+0.0732) | Layers=[14]
Prob: 0.8834045990063847
  tss_purity_heavy              : Prob=0.8834 (delta=+0.0648) | Layers=[15]

======================================== SUMMARY ========================================

BEST STRATEGY: separability_only_cosine
   Probability: 0.8919
   Improvement: +0.0732
   Layers: [14]

Top 10 Strategies:
   1. separability_only_cosine                : 0.8919 (Δ=+0.0732)
   2. separability_only_mahalanobis           : 0.8919 (Δ=+0.0732)
   3. separability_only_geodesic              : 0.8919 (Δ=+0.0732)
   4. separability_only_dens_norm_euclidean   : 0.8919 (Δ=+0.0732)
   5. separability_only_dens_norm_cosine      : 0.8919 (Δ=+0.0732)
   6. separability_only_dens_norm_mahalanobis : 0.8919 (Δ=+0.0732)
   7. purity_sep_cosine                       : 0.8919 (Δ=+0.0732)
   8. purity_sep_mahalanobis                  : 0.8919 (Δ=+0.0732)
   9. purity_sep_geodesic                     : 0.8919 (Δ=+0.0732)
  10. purity_sep_dens_norm_euclidean          : 0.8919 (Δ=+0.0732)

Best Performer by Component:
  purity_only                   : 0.8834 (purity_only_cosine)
  separability_only             : 0.8919 (separability_only_cosine)
  persistence_only              : 0.8834 (persistence_only_euclidean)
  beta1_inverse                 : 0.8186 (beta1_inverse_euclidean)
  purity_sep                    : 0.8919 (purity_sep_cosine)
  purity_pers                   : 0.8834 (purity_pers_euclidean)
  sep_pers                      : 0.8919 (sep_pers_cosine)
  tss_no_penalty                : 0.8919 (tss_no_penalty_mahalanobis)
  tss_original                  : 0.8919 (tss_original_mahalanobis)
  tss_equal_weights             : 0.8919 (tss_equal_weights_mahalanobis)
  tss_sep_heavy                 : 0.8919 (tss_sep_heavy_cosine)
  tss_purity_heavy              : 0.8919 (tss_purity_heavy_dens_norm_cosine)

======================================== 3 Layer(s) ========================================

[Strategy 1: LayerNavigator Only]
Prob: 0.8200611983081124
  Layers: [13, 14, 15]
  Test Prob: 0.8201 (delta=+0.0014)

[Strategy 2: Component-Based Strategies]
Testing each component strategy with each metric...

--- PURITY_ONLY ---
Prob: 0.8908693478563124
  euclidean                : Prob=0.8909 (delta=+0.0722) | Layers=[10, 16, 21]
Prob: 0.9064777540062812
  cosine                   : Prob=0.9065 (delta=+0.0878) | Layers=[15, 23, 13]
Prob: 0.8713975407932882
  mahalanobis              : Prob=0.8714 (delta=+0.0528) | Layers=[21, 1, 17]
Prob: 0.8539240643573395
  geodesic                 : Prob=0.8539 (delta=+0.0353) | Layers=[29, 31, 2]
Prob: 0.8513742638836682
  dens_norm_euclidean      : Prob=0.8514 (delta=+0.0327) | Layers=[5, 12, 31]
Prob: 0.8414974434622288
  dens_norm_cosine         : Prob=0.8415 (delta=+0.0229) | Layers=[4, 22, 11]
Prob: 0.8832254841206857
  dens_norm_mahalanobis    : Prob=0.8832 (delta=+0.0646) | Layers=[1, 15, 31]

--- SEPARABILITY_ONLY ---
Prob: 0.8548350122917694
  euclidean                : Prob=0.8548 (delta=+0.0362) | Layers=[31, 14, 15]
Prob: 0.7329278562825168
  cosine                   : Prob=0.7329 (delta=-0.0857) | Layers=[14, 15, 16]
Prob: 0.8548350122917694
  mahalanobis              : Prob=0.8548 (delta=+0.0362) | Layers=[14, 15, 31]
Prob: 0.8548350122917694
  geodesic                 : Prob=0.8548 (delta=+0.0362) | Layers=[14, 31, 15]
Prob: 0.8548350122917694
  dens_norm_euclidean      : Prob=0.8548 (delta=+0.0362) | Layers=[14, 31, 15]
Prob: 0.7329278562825168
  dens_norm_cosine         : Prob=0.7329 (delta=-0.0857) | Layers=[14, 15, 16]
Prob: 0.8548350122917694
  dens_norm_mahalanobis    : Prob=0.8548 (delta=+0.0362) | Layers=[14, 15, 31]

--- PERSISTENCE_ONLY ---
Prob: 0.7329278562825168
  euclidean                : Prob=0.7329 (delta=-0.0857) | Layers=[15, 14, 16]
Prob: 0.7916035444251125
  cosine                   : Prob=0.7916 (delta=-0.0270) | Layers=[15, 16, 17]
Prob: 0.8697675177176297
  mahalanobis              : Prob=0.8698 (delta=+0.0511) | Layers=[13, 20, 9]
Prob: 0.8594995773288271
  geodesic                 : Prob=0.8595 (delta=+0.0409) | Layers=[15, 16, 28]
Prob: 0.8181401431885673
  dens_norm_euclidean      : Prob=0.8181 (delta=-0.0005) | Layers=[0, 1, 2]
Prob: 0.8599945680611021
  dens_norm_cosine         : Prob=0.8600 (delta=+0.0414) | Layers=[15, 16, 13]
Prob: 0.8181401431885673
  dens_norm_mahalanobis    : Prob=0.8181 (delta=-0.0005) | Layers=[0, 1, 2]

--- BETA1_INVERSE ---
Prob: 0.8181401431885673
  euclidean                : Prob=0.8181 (delta=-0.0005) | Layers=[0, 1, 2]
Prob: 0.8181401431885673
  cosine                   : Prob=0.8181 (delta=-0.0005) | Layers=[0, 1, 2]
Prob: 0.8181401431885673
  mahalanobis              : Prob=0.8181 (delta=-0.0005) | Layers=[0, 1, 2]
Prob: 0.8181401431885673
  geodesic                 : Prob=0.8181 (delta=-0.0005) | Layers=[0, 1, 2]
Prob: 0.8181401431885673
  dens_norm_euclidean      : Prob=0.8181 (delta=-0.0005) | Layers=[0, 1, 2]
Prob: 0.8181401431885673
  dens_norm_cosine         : Prob=0.8181 (delta=-0.0005) | Layers=[0, 1, 2]
Prob: 0.8181401431885673
  dens_norm_mahalanobis    : Prob=0.8181 (delta=-0.0005) | Layers=[0, 1, 2]

--- PURITY_SEP ---
Prob: 0.9083767707673346
  euclidean                : Prob=0.9084 (delta=+0.0897) | Layers=[31, 16, 14]
Prob: 0.8200611983081124
  cosine                   : Prob=0.8201 (delta=+0.0014) | Layers=[14, 15, 13]
Prob: 0.8870757640352221
  mahalanobis              : Prob=0.8871 (delta=+0.0684) | Layers=[14, 15, 30]
Prob: 0.9084460548065101
  geodesic                 : Prob=0.9084 (delta=+0.0898) | Layers=[14, 31, 29]
Prob: 0.9130642825293411
  dens_norm_euclidean      : Prob=0.9131 (delta=+0.0944) | Layers=[14, 31, 17]
Prob: 0.8866377079531981
  dens_norm_cosine         : Prob=0.8866 (delta=+0.0680) | Layers=[14, 15, 29]
Prob: 0.8548350122917694
  dens_norm_mahalanobis    : Prob=0.8548 (delta=+0.0362) | Layers=[15, 31, 14]

--- PURITY_PERS ---
Prob: 0.7329278562825168
  euclidean                : Prob=0.7329 (delta=-0.0857) | Layers=[15, 16, 14]
Prob: 0.9064777540062812
  cosine                   : Prob=0.9065 (delta=+0.0878) | Layers=[15, 13, 23]
Prob: 0.8749219433867456
  mahalanobis              : Prob=0.8749 (delta=+0.0563) | Layers=[21, 17, 30]
Prob: 0.8594995773288271
  geodesic                 : Prob=0.8595 (delta=+0.0409) | Layers=[15, 16, 28]
Prob: 0.8248913202599933
  dens_norm_euclidean      : Prob=0.8249 (delta=+0.0063) | Layers=[5, 12, 1]
Prob: 0.8414974434622288
  dens_norm_cosine         : Prob=0.8415 (delta=+0.0229) | Layers=[4, 22, 11]
Prob: 0.8181401431885673
  dens_norm_mahalanobis    : Prob=0.8181 (delta=-0.0005) | Layers=[0, 1, 2]

--- SEP_PERS ---
Prob: 0.7329278562825168
  euclidean                : Prob=0.7329 (delta=-0.0857) | Layers=[15, 14, 16]
Prob: 0.7329278562825168
  cosine                   : Prob=0.7329 (delta=-0.0857) | Layers=[14, 15, 16]
Prob: 0.8548350122917694
  mahalanobis              : Prob=0.8548 (delta=+0.0362) | Layers=[14, 15, 31]
Prob: 0.8594995773288271
  geodesic                 : Prob=0.8595 (delta=+0.0409) | Layers=[15, 16, 28]
Prob: 0.8200611983081124
  dens_norm_euclidean      : Prob=0.8201 (delta=+0.0014) | Layers=[14, 15, 13]
Prob: 0.7329278562825168
  dens_norm_cosine         : Prob=0.7329 (delta=-0.0857) | Layers=[14, 15, 16]
Prob: 0.891764192566967
  dens_norm_mahalanobis    : Prob=0.8918 (delta=+0.0731) | Layers=[0, 1, 14]

--- TSS_NO_PENALTY ---
Prob: 0.7329278562825168
  euclidean                : Prob=0.7329 (delta=-0.0857) | Layers=[15, 16, 14]
Prob: 0.8200611983081124
  cosine                   : Prob=0.8201 (delta=+0.0014) | Layers=[15, 14, 13]
Prob: 0.8870757640352221
  mahalanobis              : Prob=0.8871 (delta=+0.0684) | Layers=[14, 15, 30]
Prob: 0.8594995773288271
  geodesic                 : Prob=0.8595 (delta=+0.0409) | Layers=[15, 16, 28]
Prob: 0.9130642825293411
  dens_norm_euclidean      : Prob=0.9131 (delta=+0.0944) | Layers=[14, 31, 17]
Prob: 0.8866377079531981
  dens_norm_cosine         : Prob=0.8866 (delta=+0.0680) | Layers=[14, 15, 29]
Prob: 0.891764192566967
  dens_norm_mahalanobis    : Prob=0.8918 (delta=+0.0731) | Layers=[1, 0, 14]

--- TSS_ORIGINAL ---
Prob: 0.7329278562825168
  euclidean                : Prob=0.7329 (delta=-0.0857) | Layers=[15, 16, 14]
Prob: 0.8200611983081124
  cosine                   : Prob=0.8201 (delta=+0.0014) | Layers=[15, 14, 13]
Prob: 0.8870757640352221
  mahalanobis              : Prob=0.8871 (delta=+0.0684) | Layers=[14, 15, 30]
Prob: 0.8594995773288271
  geodesic                 : Prob=0.8595 (delta=+0.0409) | Layers=[15, 16, 28]
Prob: 0.9130642825293411
  dens_norm_euclidean      : Prob=0.9131 (delta=+0.0944) | Layers=[14, 31, 17]
Prob: 0.8866377079531981
  dens_norm_cosine         : Prob=0.8866 (delta=+0.0680) | Layers=[14, 15, 29]
Prob: 0.891764192566967
  dens_norm_mahalanobis    : Prob=0.8918 (delta=+0.0731) | Layers=[1, 0, 14]

--- TSS_EQUAL_WEIGHTS ---
Prob: 0.7329278562825168
  euclidean                : Prob=0.7329 (delta=-0.0857) | Layers=[15, 16, 14]
Prob: 0.8200611983081124
  cosine                   : Prob=0.8201 (delta=+0.0014) | Layers=[15, 14, 13]
Prob: 0.8870757640352221
  mahalanobis              : Prob=0.8871 (delta=+0.0684) | Layers=[14, 15, 30]
Prob: 0.8594995773288271
  geodesic                 : Prob=0.8595 (delta=+0.0409) | Layers=[15, 16, 28]
Prob: 0.9130642825293411
  dens_norm_euclidean      : Prob=0.9131 (delta=+0.0944) | Layers=[14, 31, 17]
Prob: 0.8866377079531981
  dens_norm_cosine         : Prob=0.8866 (delta=+0.0680) | Layers=[14, 15, 29]
Prob: 0.891764192566967
  dens_norm_mahalanobis    : Prob=0.8918 (delta=+0.0731) | Layers=[0, 1, 14]

--- TSS_SEP_HEAVY ---
Prob: 0.7329278562825168
  euclidean                : Prob=0.7329 (delta=-0.0857) | Layers=[15, 14, 16]
Prob: 0.7329278562825168
  cosine                   : Prob=0.7329 (delta=-0.0857) | Layers=[14, 15, 16]
Prob: 0.8548350122917694
  mahalanobis              : Prob=0.8548 (delta=+0.0362) | Layers=[14, 15, 31]
Prob: 0.8206633740991041
  geodesic                 : Prob=0.8207 (delta=+0.0020) | Layers=[15, 16, 31]
Prob: 0.8548350122917694
  dens_norm_euclidean      : Prob=0.8548 (delta=+0.0362) | Layers=[14, 31, 15]
Prob: 0.8866377079531981
  dens_norm_cosine         : Prob=0.8866 (delta=+0.0680) | Layers=[14, 15, 29]
Prob: 0.8548350122917694
  dens_norm_mahalanobis    : Prob=0.8548 (delta=+0.0362) | Layers=[14, 15, 31]

--- TSS_PURITY_HEAVY ---
Prob: 0.7329278562825168
  euclidean                : Prob=0.7329 (delta=-0.0857) | Layers=[15, 16, 14]
Prob: 0.8200611983081124
  cosine                   : Prob=0.8201 (delta=+0.0014) | Layers=[15, 13, 14]
Prob: 0.8885248736815032
  mahalanobis              : Prob=0.8885 (delta=+0.0699) | Layers=[30, 15, 21]
Prob: 0.8594995773288271
  geodesic                 : Prob=0.8595 (delta=+0.0409) | Layers=[15, 16, 28]
Prob: 0.9130642825293411
  dens_norm_euclidean      : Prob=0.9131 (delta=+0.0944) | Layers=[31, 14, 17]
Prob: 0.9084555478879511
  dens_norm_cosine         : Prob=0.9085 (delta=+0.0898) | Layers=[14, 22, 29]
Prob: 0.8457374584463992
  dens_norm_mahalanobis    : Prob=0.8457 (delta=+0.0271) | Layers=[1, 0, 31]


[Strategy 3: Ensemble Within Each Component Strategy]
Averaging across all metrics for each component strategy...

Prob: 0.8561507960497782
  purity_only                   : Prob=0.8562 (delta=+0.0375) | Layers=[30, 29, 22]
Prob: 0.8548350122917694
  separability_only             : Prob=0.8548 (delta=+0.0362) | Layers=[14, 15, 31]
Prob: 0.8990636354606026
  persistence_only              : Prob=0.8991 (delta=+0.0804) | Layers=[15, 13, 17]
Prob: 0.8181401431885673
  beta1_inverse                 : Prob=0.8181 (delta=-0.0005) | Layers=[0, 1, 2]
Prob: 0.8548350122917694
  purity_sep                    : Prob=0.8548 (delta=+0.0362) | Layers=[14, 15, 31]
Prob: 0.8743564048964384
  purity_pers                   : Prob=0.8744 (delta=+0.0557) | Layers=[17, 30, 22]
Prob: 0.7329278562825168
  sep_pers                      : Prob=0.7329 (delta=-0.0857) | Layers=[14, 15, 16]
Prob: 0.8200611983081124
  tss_no_penalty                : Prob=0.8201 (delta=+0.0014) | Layers=[14, 15, 13]
Prob: 0.8200611983081124
  tss_original                  : Prob=0.8201 (delta=+0.0014) | Layers=[14, 15, 13]
Prob: 0.8200611983081124
  tss_equal_weights             : Prob=0.8201 (delta=+0.0014) | Layers=[14, 15, 13]
Prob: 0.7329278562825168
  tss_sep_heavy                 : Prob=0.7329 (delta=-0.0857) | Layers=[14, 15, 16]
Prob: 0.8200611983081124
  tss_purity_heavy              : Prob=0.8201 (delta=+0.0014) | Layers=[15, 14, 13]

======================================== SUMMARY ========================================

BEST STRATEGY: purity_sep_dens_norm_euclidean
   Probability: 0.9131
   Improvement: +0.0944
   Layers: [14, 31, 17]

Top 10 Strategies:
   1. purity_sep_dens_norm_euclidean          : 0.9131 (Δ=+0.0944)
   2. tss_no_penalty_dens_norm_euclidean      : 0.9131 (Δ=+0.0944)
   3. tss_original_dens_norm_euclidean        : 0.9131 (Δ=+0.0944)
   4. tss_equal_weights_dens_norm_euclidean   : 0.9131 (Δ=+0.0944)
   5. tss_purity_heavy_dens_norm_euclidean    : 0.9131 (Δ=+0.0944)
   6. tss_purity_heavy_dens_norm_cosine       : 0.9085 (Δ=+0.0898)
   7. purity_sep_geodesic                     : 0.9084 (Δ=+0.0898)
   8. purity_sep_euclidean                    : 0.9084 (Δ=+0.0897)
   9. purity_only_cosine                      : 0.9065 (Δ=+0.0878)
  10. purity_pers_cosine                      : 0.9065 (Δ=+0.0878)

Best Performer by Component:
  purity_only                   : 0.9065 (purity_only_cosine)
  separability_only             : 0.8548 (separability_only_euclidean)
  persistence_only              : 0.8698 (persistence_only_mahalanobis)
  beta1_inverse                 : 0.8181 (beta1_inverse_euclidean)
  purity_sep                    : 0.9131 (purity_sep_dens_norm_euclidean)
  purity_pers                   : 0.9065 (purity_pers_cosine)
  sep_pers                      : 0.8918 (sep_pers_dens_norm_mahalanobis)
  tss_no_penalty                : 0.9131 (tss_no_penalty_dens_norm_euclidean)
  tss_original                  : 0.9131 (tss_original_dens_norm_euclidean)
  tss_equal_weights             : 0.9131 (tss_equal_weights_dens_norm_euclidean)
  tss_sep_heavy                 : 0.8866 (tss_sep_heavy_dens_norm_cosine)
  tss_purity_heavy              : 0.9131 (tss_purity_heavy_dens_norm_euclidean)

======================================== 5 Layer(s) ========================================

[Strategy 1: LayerNavigator Only]
Prob: 0.6162964665294469
  Layers: [13, 14, 15, 12, 16]
  Test Prob: 0.6163 (delta=-0.2023)

[Strategy 2: Component-Based Strategies]
Testing each component strategy with each metric...

--- PURITY_ONLY ---
Prob: 0.899984944919947
  euclidean                : Prob=0.9000 (delta=+0.0814) | Layers=[10, 16, 21, 29, 28]
Prob: 0.912357433135115
  cosine                   : Prob=0.9124 (delta=+0.0937) | Layers=[15, 23, 13, 6, 9]
Prob: 0.8773421675246423
  mahalanobis              : Prob=0.8773 (delta=+0.0587) | Layers=[21, 1, 17, 30, 7]
Prob: 0.8547400151809471
  geodesic                 : Prob=0.8547 (delta=+0.0361) | Layers=[29, 31, 2, 3, 6]
Prob: 0.8943366993082528
  dens_norm_euclidean      : Prob=0.8943 (delta=+0.0757) | Layers=[5, 12, 31, 17, 19]
Prob: 0.8691534681316065
  dens_norm_cosine         : Prob=0.8692 (delta=+0.0505) | Layers=[4, 22, 11, 19, 30]
Prob: 0.9051789117947893
  dens_norm_mahalanobis    : Prob=0.9052 (delta=+0.0865) | Layers=[1, 15, 31, 25, 13]

--- SEPARABILITY_ONLY ---
Prob: 0.5805693069413733
  euclidean                : Prob=0.5806 (delta=-0.2381) | Layers=[31, 14, 15, 16, 13]
Prob: 0.5805693069413733
  cosine                   : Prob=0.5806 (delta=-0.2381) | Layers=[14, 15, 16, 31, 13]
Prob: 0.5805693069413733
  mahalanobis              : Prob=0.5806 (delta=-0.2381) | Layers=[14, 15, 31, 16, 13]
Prob: 0.5805693069413733
  geodesic                 : Prob=0.5806 (delta=-0.2381) | Layers=[14, 31, 15, 16, 13]
Prob: 0.5805693069413733
  dens_norm_euclidean      : Prob=0.5806 (delta=-0.2381) | Layers=[14, 31, 15, 16, 13]
Prob: 0.6449670945489223
  dens_norm_cosine         : Prob=0.6450 (delta=-0.1737) | Layers=[14, 15, 16, 29, 31]
Prob: 0.6540612884275951
  dens_norm_mahalanobis    : Prob=0.6541 (delta=-0.1646) | Layers=[14, 15, 31, 16, 30]

--- PERSISTENCE_ONLY ---
Prob: 0.5834730653677426
  euclidean                : Prob=0.5835 (delta=-0.2352) | Layers=[15, 14, 16, 17, 13]
Prob: 0.5834730653677426
  cosine                   : Prob=0.5835 (delta=-0.2352) | Layers=[15, 16, 17, 13, 14]
Prob: 0.9238142910979583
  mahalanobis              : Prob=0.9238 (delta=+0.1052) | Layers=[13, 20, 9, 14, 19]
Prob: 0.8172940976146217
  geodesic                 : Prob=0.8173 (delta=-0.0013) | Layers=[15, 16, 28, 27, 31]
Prob: 0.818854026903034
  dens_norm_euclidean      : Prob=0.8189 (delta=+0.0002) | Layers=[0, 1, 2, 4, 3]
Prob: 0.5834730653677426
  dens_norm_cosine         : Prob=0.5835 (delta=-0.2352) | Layers=[15, 16, 13, 17, 14]
Prob: 0.818854026903034
  dens_norm_mahalanobis    : Prob=0.8189 (delta=+0.0002) | Layers=[0, 1, 2, 3, 4]

--- BETA1_INVERSE ---
Prob: 0.818854026903034
  euclidean                : Prob=0.8189 (delta=+0.0002) | Layers=[0, 1, 2, 3, 4]
Prob: 0.818854026903034
  cosine                   : Prob=0.8189 (delta=+0.0002) | Layers=[0, 1, 2, 3, 4]
Prob: 0.818854026903034
  mahalanobis              : Prob=0.8189 (delta=+0.0002) | Layers=[0, 1, 2, 3, 4]
Prob: 0.818854026903034
  geodesic                 : Prob=0.8189 (delta=+0.0002) | Layers=[0, 1, 2, 3, 4]
Prob: 0.818854026903034
  dens_norm_euclidean      : Prob=0.8189 (delta=+0.0002) | Layers=[0, 1, 2, 3, 4]
Prob: 0.818854026903034
  dens_norm_cosine         : Prob=0.8189 (delta=+0.0002) | Layers=[0, 1, 2, 3, 4]
Prob: 0.818854026903034
  dens_norm_mahalanobis    : Prob=0.8189 (delta=+0.0002) | Layers=[0, 1, 2, 3, 4]

--- PURITY_SEP ---
Prob: 0.5805693069413733
  euclidean                : Prob=0.5806 (delta=-0.2381) | Layers=[31, 16, 14, 15, 13]
Prob: 0.6706718201033948
  cosine                   : Prob=0.6707 (delta=-0.1480) | Layers=[14, 15, 13, 18, 23]
Prob: 0.758395563798747
  mahalanobis              : Prob=0.7584 (delta=-0.0602) | Layers=[14, 15, 30, 13, 22]
Prob: 0.6449670945489223
  geodesic                 : Prob=0.6450 (delta=-0.1737) | Layers=[14, 31, 29, 16, 15]
Prob: 0.6963820843244881
  dens_norm_euclidean      : Prob=0.6964 (delta=-0.1222) | Layers=[14, 31, 17, 19, 15]
Prob: 0.7694790094250124
  dens_norm_cosine         : Prob=0.7695 (delta=-0.0492) | Layers=[14, 15, 29, 22, 17]
Prob: 0.5805693069413733
  dens_norm_mahalanobis    : Prob=0.5806 (delta=-0.2381) | Layers=[15, 31, 14, 16, 13]

--- PURITY_PERS ---
Prob: 0.5834730653677426
  euclidean                : Prob=0.5835 (delta=-0.2352) | Layers=[15, 16, 14, 17, 13]
Prob: 0.8975306331512626
  cosine                   : Prob=0.8975 (delta=+0.0789) | Layers=[15, 13, 23, 20, 24]
Prob: 0.8773421675246423
  mahalanobis              : Prob=0.8773 (delta=+0.0587) | Layers=[21, 17, 30, 1, 7]
Prob: 0.8172940976146217
  geodesic                 : Prob=0.8173 (delta=-0.0013) | Layers=[15, 16, 28, 27, 31]
Prob: 0.8601326501934696
  dens_norm_euclidean      : Prob=0.8601 (delta=+0.0415) | Layers=[5, 12, 1, 17, 0]
Prob: 0.8691534681316065
  dens_norm_cosine         : Prob=0.8692 (delta=+0.0505) | Layers=[4, 22, 11, 19, 30]
Prob: 0.818854026903034
  dens_norm_mahalanobis    : Prob=0.8189 (delta=+0.0002) | Layers=[0, 1, 2, 3, 4]

--- SEP_PERS ---
Prob: 0.5834730653677426
  euclidean                : Prob=0.5835 (delta=-0.2352) | Layers=[15, 14, 16, 17, 13]
Prob: 0.5805693069413733
  cosine                   : Prob=0.5806 (delta=-0.2381) | Layers=[14, 15, 16, 31, 13]
Prob: 0.5805693069413733
  mahalanobis              : Prob=0.5806 (delta=-0.2381) | Layers=[14, 15, 31, 16, 13]
Prob: 0.8172940976146217
  geodesic                 : Prob=0.8173 (delta=-0.0013) | Layers=[15, 16, 28, 27, 31]
Prob: 0.5805693069413733
  dens_norm_euclidean      : Prob=0.5806 (delta=-0.2381) | Layers=[14, 15, 13, 16, 31]
Prob: 0.6449670945489223
  dens_norm_cosine         : Prob=0.6450 (delta=-0.1737) | Layers=[14, 15, 16, 29, 31]
Prob: 0.9181244304856447
  dens_norm_mahalanobis    : Prob=0.9181 (delta=+0.0995) | Layers=[0, 1, 14, 31, 13]

--- TSS_NO_PENALTY ---
Prob: 0.5834730653677426
  euclidean                : Prob=0.5835 (delta=-0.2352) | Layers=[15, 16, 14, 17, 13]
Prob: 0.5771387903252204
  cosine                   : Prob=0.5771 (delta=-0.2415) | Layers=[15, 14, 13, 16, 18]
Prob: 0.758395563798747
  mahalanobis              : Prob=0.7584 (delta=-0.0602) | Layers=[14, 15, 30, 13, 22]
Prob: 0.8172940976146217
  geodesic                 : Prob=0.8173 (delta=-0.0013) | Layers=[15, 16, 28, 31, 27]
Prob: 0.6963820843244881
  dens_norm_euclidean      : Prob=0.6964 (delta=-0.1222) | Layers=[14, 31, 17, 15, 19]
Prob: 0.7694790094250124
  dens_norm_cosine         : Prob=0.7695 (delta=-0.0492) | Layers=[14, 15, 29, 22, 17]
Prob: 0.8548286751673442
  dens_norm_mahalanobis    : Prob=0.8548 (delta=+0.0362) | Layers=[1, 0, 14, 31, 15]

--- TSS_ORIGINAL ---
Prob: 0.5834730653677426
  euclidean                : Prob=0.5835 (delta=-0.2352) | Layers=[15, 16, 14, 17, 13]
Prob: 0.5771387903252204
  cosine                   : Prob=0.5771 (delta=-0.2415) | Layers=[15, 14, 13, 16, 18]
Prob: 0.758395563798747
  mahalanobis              : Prob=0.7584 (delta=-0.0602) | Layers=[14, 15, 30, 13, 22]
Prob: 0.8172940976146217
  geodesic                 : Prob=0.8173 (delta=-0.0013) | Layers=[15, 16, 28, 31, 27]
Prob: 0.6963820843244881
  dens_norm_euclidean      : Prob=0.6964 (delta=-0.1222) | Layers=[14, 31, 17, 15, 19]
Prob: 0.7694790094250124
  dens_norm_cosine         : Prob=0.7695 (delta=-0.0492) | Layers=[14, 15, 29, 22, 17]
Prob: 0.8548286751673442
  dens_norm_mahalanobis    : Prob=0.8548 (delta=+0.0362) | Layers=[1, 0, 14, 31, 15]

--- TSS_EQUAL_WEIGHTS ---
Prob: 0.5834730653677426
  euclidean                : Prob=0.5835 (delta=-0.2352) | Layers=[15, 16, 14, 17, 13]
Prob: 0.5771387903252204
  cosine                   : Prob=0.5771 (delta=-0.2415) | Layers=[15, 14, 13, 16, 18]
Prob: 0.758395563798747
  mahalanobis              : Prob=0.7584 (delta=-0.0602) | Layers=[14, 15, 30, 13, 22]
Prob: 0.8172940976146217
  geodesic                 : Prob=0.8173 (delta=-0.0013) | Layers=[15, 16, 28, 31, 27]
Prob: 0.6963820843244881
  dens_norm_euclidean      : Prob=0.6964 (delta=-0.1222) | Layers=[14, 31, 17, 15, 19]
Prob: 0.7694790094250124
  dens_norm_cosine         : Prob=0.7695 (delta=-0.0492) | Layers=[14, 15, 29, 22, 17]
Prob: 0.8548286751673442
  dens_norm_mahalanobis    : Prob=0.8548 (delta=+0.0362) | Layers=[0, 1, 14, 31, 15]

--- TSS_SEP_HEAVY ---
Prob: 0.5834730653677426
  euclidean                : Prob=0.5835 (delta=-0.2352) | Layers=[15, 14, 16, 17, 13]
Prob: 0.5805693069413733
  cosine                   : Prob=0.5806 (delta=-0.2381) | Layers=[14, 15, 16, 13, 31]
Prob: 0.7538405862125325
  mahalanobis              : Prob=0.7538 (delta=-0.0648) | Layers=[14, 15, 31, 13, 30]
Prob: 0.8172940976146217
  geodesic                 : Prob=0.8173 (delta=-0.0013) | Layers=[15, 16, 31, 28, 27]
Prob: 0.5756132847510821
  dens_norm_euclidean      : Prob=0.5756 (delta=-0.2430) | Layers=[14, 31, 15, 16, 17]
Prob: 0.6439509136569529
  dens_norm_cosine         : Prob=0.6440 (delta=-0.1747) | Layers=[14, 15, 29, 16, 22]
Prob: 0.5805693069413733
  dens_norm_mahalanobis    : Prob=0.5806 (delta=-0.2381) | Layers=[14, 15, 31, 13, 16]

--- TSS_PURITY_HEAVY ---
Prob: 0.5834730653677426
  euclidean                : Prob=0.5835 (delta=-0.2352) | Layers=[15, 16, 14, 17, 13]
Prob: 0.6706718201033948
  cosine                   : Prob=0.6707 (delta=-0.1480) | Layers=[15, 13, 14, 23, 18]
Prob: 0.7685409592648359
  mahalanobis              : Prob=0.7685 (delta=-0.0501) | Layers=[30, 15, 21, 14, 17]
Prob: 0.8172940976146217
  geodesic                 : Prob=0.8173 (delta=-0.0013) | Layers=[15, 16, 28, 31, 27]
Prob: 0.9195456697916009
  dens_norm_euclidean      : Prob=0.9195 (delta=+0.1009) | Layers=[31, 14, 17, 19, 12]
Prob: 0.7564721035511323
  dens_norm_cosine         : Prob=0.7565 (delta=-0.0622) | Layers=[14, 22, 29, 15, 13]
Prob: 0.9030363339673415
  dens_norm_mahalanobis    : Prob=0.9030 (delta=+0.0844) | Layers=[1, 0, 31, 15, 13]


[Strategy 3: Ensemble Within Each Component Strategy]
Averaging across all metrics for each component strategy...

Prob: 0.8653557278163154
  purity_only                   : Prob=0.8654 (delta=+0.0467) | Layers=[30, 29, 22, 1, 24]
Prob: 0.5805693069413733
  separability_only             : Prob=0.5806 (delta=-0.2381) | Layers=[14, 15, 31, 16, 13]
Prob: 0.6396711840720293
  persistence_only              : Prob=0.6397 (delta=-0.1790) | Layers=[15, 13, 17, 14, 18]
Prob: 0.818854026903034
  beta1_inverse                 : Prob=0.8189 (delta=+0.0002) | Layers=[0, 1, 2, 3, 4]
Prob: 0.5805693069413733
  purity_sep                    : Prob=0.5806 (delta=-0.2381) | Layers=[14, 15, 31, 16, 13]
Prob: 0.8822775187211578
  purity_pers                   : Prob=0.8823 (delta=+0.0636) | Layers=[17, 30, 22, 13, 15]
Prob: 0.5805693069413733
  sep_pers                      : Prob=0.5806 (delta=-0.2381) | Layers=[14, 15, 16, 31, 13]
Prob: 0.5805693069413733
  tss_no_penalty                : Prob=0.5806 (delta=-0.2381) | Layers=[14, 15, 13, 31, 16]
Prob: 0.5805693069413733
  tss_original                  : Prob=0.5806 (delta=-0.2381) | Layers=[14, 15, 13, 31, 16]
Prob: 0.5805693069413733
  tss_equal_weights             : Prob=0.5806 (delta=-0.2381) | Layers=[14, 15, 13, 31, 16]
Prob: 0.5805693069413733
  tss_sep_heavy                 : Prob=0.5806 (delta=-0.2381) | Layers=[14, 15, 16, 31, 13]
Prob: 0.6534035033429731
  tss_purity_heavy              : Prob=0.6534 (delta=-0.1652) | Layers=[15, 14, 13, 31, 17]

======================================== SUMMARY ========================================

BEST STRATEGY: persistence_only_mahalanobis
   Probability: 0.9238
   Improvement: +0.1052
   Layers: [13, 20, 9, 14, 19]

Top 10 Strategies:
   1. persistence_only_mahalanobis            : 0.9238 (Δ=+0.1052)
   2. tss_purity_heavy_dens_norm_euclidean    : 0.9195 (Δ=+0.1009)
   3. sep_pers_dens_norm_mahalanobis          : 0.9181 (Δ=+0.0995)
   4. purity_only_cosine                      : 0.9124 (Δ=+0.0937)
   5. purity_only_dens_norm_mahalanobis       : 0.9052 (Δ=+0.0865)
   6. tss_purity_heavy_dens_norm_mahalanobis  : 0.9030 (Δ=+0.0844)
   7. purity_only_euclidean                   : 0.9000 (Δ=+0.0814)
   8. purity_pers_cosine                      : 0.8975 (Δ=+0.0789)
   9. purity_only_dens_norm_euclidean         : 0.8943 (Δ=+0.0757)
  10. ensemble_purity_pers                    : 0.8823 (Δ=+0.0636)

Best Performer by Component:
  purity_only                   : 0.9124 (purity_only_cosine)
  separability_only             : 0.6541 (separability_only_dens_norm_mahalanobis)
  persistence_only              : 0.9238 (persistence_only_mahalanobis)
  beta1_inverse                 : 0.8189 (beta1_inverse_euclidean)
  purity_sep                    : 0.7695 (purity_sep_dens_norm_cosine)
  purity_pers                   : 0.8975 (purity_pers_cosine)
  sep_pers                      : 0.9181 (sep_pers_dens_norm_mahalanobis)
  tss_no_penalty                : 0.8548 (tss_no_penalty_dens_norm_mahalanobis)
  tss_original                  : 0.8548 (tss_original_dens_norm_mahalanobis)
  tss_equal_weights             : 0.8548 (tss_equal_weights_dens_norm_mahalanobis)
  tss_sep_heavy                 : 0.8173 (tss_sep_heavy_geodesic)
  tss_purity_heavy              : 0.9195 (tss_purity_heavy_dens_norm_euclidean)

====================================================================================================
Task believes-it-has-phenomenal-consciousness completed
====================================================================================================


====================================================================================================
ALL TASKS COMPLETED!
====================================================================================================
